<?xml version="1.0" encoding="UTF-8"?>
<TestRun id="b7c62118-1877-43d2-95de-29beac929e55" name="Juannn@PERICONB 2010-03-17 23:19:39" runUser="PericoNB\Juannn" xmlns="http://microsoft.com/schemas/VisualStudio/TeamTest/2010">
  <TestSettings name="Local" id="1b61f091-9476-4e02-b34d-054308935607">
    <Description>These are default test settings for a local test run.</Description>
    <Deployment enabled="false" runDeploymentRoot="Juannn_PERICONB 2010-03-17 23_19_39">
      <DeploymentItem filename="c:\fuentes\Commands\Commands.Architecture\bin\Debug\Commands.Bus.dll" />
    </Deployment>
    <Execution>
      <TestTypeSpecific />
      <AgentRule name="Execution Agents">
      </AgentRule>
    </Execution>
  </TestSettings>
  <Times creation="2010-03-17T23:19:39.6454653-03:00" queuing="2010-03-17T23:19:41.3905651-03:00" start="2010-03-17T23:19:41.6145779-03:00" finish="2010-03-17T23:20:14.8134768-03:00" />
  <ResultSummary outcome="Error">
    <Counters total="1" executed="1" error="0" failed="0" timeout="0" aborted="1" inconclusive="0" passedButRunAborted="0" notRunnable="0" notExecuted="0" disconnected="0" warning="0" passed="0" completed="0" inProgress="0" pending="0" />
    <RunInfos>
      <RunInfo computerName="PERICONB" outcome="Error" timestamp="2010-03-17T23:20:14.8114767-03:00">
        <Text>Test host process exited unexpectedly.</Text>
      </RunInfo>
    </RunInfos>
  </ResultSummary>
  <TestDefinitions>
    <UnitTest name="Can_Publish_A_Message_To_Multiple_Handlers" storage="c:\fuentes\commands\commands.bus.tests\bin\debug\commands.bus.tests.dll" id="a45b07e8-54bd-29f3-2387-e20f32a220e5">
      <Execution id="3a91efcc-9297-48e6-8b11-1ab7ac2fd21f" />
      <TestMethod codeBase="c:/fuentes/Commands/Commands.Bus.Tests/bin/Debug/Commands.Bus.Tests.DLL" adapterTypeName="Microsoft.VisualStudio.TestTools.TestTypes.Unit.UnitTestAdapter, Microsoft.VisualStudio.QualityTools.Tips.UnitTest.Adapter, Version=10.0.0.0, Culture=neutral, PublicKeyToken=b03f5f7f11d50a3a" className="Commands.Bus.Tests.DirectBusTests, Commands.Bus.Tests, Version=1.0.0.0, Culture=neutral, PublicKeyToken=null" name="Can_Publish_A_Message_To_Multiple_Handlers" />
    </UnitTest>
  </TestDefinitions>
  <TestLists>
    <TestList name="Results Not in a List" id="8c84fa94-04c1-424b-9868-57a2d4851a1d" />
    <TestList name="All Loaded Results" id="19431567-8539-422a-85d7-44ee4e166bda" />
  </TestLists>
  <TestEntries>
    <TestEntry testId="a45b07e8-54bd-29f3-2387-e20f32a220e5" executionId="3a91efcc-9297-48e6-8b11-1ab7ac2fd21f" testListId="8c84fa94-04c1-424b-9868-57a2d4851a1d" />
  </TestEntries>
  <Results>
    <UnitTestResult executionId="3a91efcc-9297-48e6-8b11-1ab7ac2fd21f" testId="a45b07e8-54bd-29f3-2387-e20f32a220e5" testName="Can_Publish_A_Message_To_Multiple_Handlers" computerName="PERICONB" duration="00:00:32.9718859" startTime="2010-03-17T23:19:41.8415909-03:00" endTime="2010-03-17T23:20:14.8134768-03:00" testType="13cdc9d9-ddb5-4fa4-a97d-d965ccfc6d4b" outcome="Aborted" testListId="8c84fa94-04c1-424b-9868-57a2d4851a1d" relativeResultsDirectory="3a91efcc-9297-48e6-8b11-1ab7ac2fd21f">
    </UnitTestResult>
  </Results>
</TestRun>